################################################################################
Codegen.Either: 
################################################################################
module Codegen.Either exposing (..)


import Json.Encode
import Json.Encode exposing (Value)
import Json.Decode
import Json.Decode exposing (Decoder)
import Json.Decode.Extra exposing (andMap)


type Either a0 a1
  = Left a0
  | Right a1

encodeEither : (e0 -> Value) -> (e1 -> Value) -> (Either e0 e1) -> Value
encodeEither e0 e1 v =
  case v of
    Left p0 -> Json.Encode.object
      [ ( "tag", Json.Encode.string "Left" )
      , ( "contents"
        , e0 p0
        )
      ]
    Right p0 -> Json.Encode.object
      [ ( "tag", Json.Encode.string "Right" )
      , ( "contents"
        , e1 p0
        )
      ]

decodeEither : Decoder a0 -> Decoder a1 -> Decoder (Either a0 a1)
decodeEither d0 d1 =
  let
    decide : String -> Decoder (Either a0 a1)
    decide tag =
      case tag of
        "Left" ->
          Json.Decode.field "contents" <| Json.Decode.map Left d0
        "Right" ->
          Json.Decode.field "contents" <| Json.Decode.map Right d1
        other ->
          Json.Decode.fail <| "(Either a0 a1) doesn't have constructor: " ++ other
  in
  Json.Decode.field "tag" Json.Decode.string
   |> Json.Decode.andThen decide
################################################################################

################################################################################
Codegen.Report: 
################################################################################
module Codegen.Report exposing (..)

import Json.Decode
import Json.Encode
import Json.Encode.Extra
import Maybe
import Json.Encode
import Json.Encode exposing (Value)
import Json.Decode
import Json.Decode exposing (Decoder)
import Json.Decode.Extra exposing (andMap)


type Form 
  = Form
      { userName : (Maybe.Maybe String)
      , upload : (Maybe.Maybe FileUpload)
      }

type FileUpload 
  = FileUpload
      { fileName : (Maybe.Maybe String)
      }

encodeForm : Form -> Value
encodeForm v =
  case v of
    Form r ->
      Json.Encode.object
        [ ("userName", (Json.Encode.Extra.maybe (Json.Encode.string)) r.userName)
        , ("upload", (Json.Encode.Extra.maybe (encodeFileUpload)) r.upload)
        ]

encodeFileUpload : FileUpload -> Value
encodeFileUpload v =
  case v of
    FileUpload r ->
      Json.Encode.object
        [ ("fileName", (Json.Encode.Extra.maybe (Json.Encode.string)) r.fileName)
        ]

decodeForm : Decoder Form
decodeForm  =
  let mkFunction =
        \userName upload ->
          { userName = userName
          , upload = upload
          }
      contentDecoder =
        Json.Decode.succeed mkFunction
          |> andMap (Json.Decode.field "userName" (Json.Decode.nullable Json.Decode.string))
          |> andMap (Json.Decode.field "upload" (Json.Decode.nullable decodeFileUpload))
  in Json.Decode.field "contents" (Json.Decode.map Form contentDecoder)

decodeFileUpload : Decoder FileUpload
decodeFileUpload  =
  let mkFunction =
        \fileName ->
          { fileName = fileName
          }
      contentDecoder =
        Json.Decode.succeed mkFunction
          |> andMap (Json.Decode.field "fileName" (Json.Decode.nullable Json.Decode.string))
  in Json.Decode.field "contents" (Json.Decode.map FileUpload contentDecoder)
################################################################################

################################################################################
Codegen.SampleTypes: 
################################################################################
module Codegen.SampleTypes exposing (..)

import Codegen.Either
import Json.Decode
import Json.Encode
import Json.Encode.Extra
import Maybe
import Json.Encode
import Json.Encode exposing (Value)
import Json.Decode
import Json.Decode exposing (Decoder)
import Json.Decode.Extra exposing (andMap)


type LargeRecord a0
  = LargeRecord
      { field0 : (LookMaNoPhantomParam a0)
      , field1 : (LookMaNoPhantomParam a0)
      , field2 : (LookMaNoPhantomParam a0)
      , field3 : (LookMaNoPhantomParam a0)
      , field4 : (LookMaNoPhantomParam a0)
      , field5 : (LookMaNoPhantomParam a0)
      , field6 : (LookMaNoPhantomParam a0)
      , field7 : (LookMaNoPhantomParam a0)
      , field8 : (LookMaNoPhantomParam a0)
      , field9 : (LookMaNoPhantomParam a0)
      , field10 : (LookMaNoPhantomParam a0)
      , field11 : (LookMaNoPhantomParam a0)
      , field12 : (LookMaNoPhantomParam a0)
      , field13 : (LookMaNoPhantomParam a0)
      , field14 : (LookMaNoPhantomParam a0)
      , field15 : (LookMaNoPhantomParam a0)
      , field16 : (LookMaNoPhantomParam a0)
      , field17 : (LookMaNoPhantomParam a0)
      , field18 : (LookMaNoPhantomParam a0)
      , field19 : (LookMaNoPhantomParam a0)
      , field20 : (LookMaNoPhantomParam a0)
      , field21 : (LookMaNoPhantomParam a0)
      , field22 : (LookMaNoPhantomParam a0)
      , field23 : (LookMaNoPhantomParam a0)
      , field24 : (LookMaNoPhantomParam a0)
      , field25 : (LookMaNoPhantomParam a0)
      , field26 : (LookMaNoPhantomParam a0)
      , field27 : (LookMaNoPhantomParam a0)
      , field28 : (LookMaNoPhantomParam a0)
      , field29 : (LookMaNoPhantomParam a0)
      , field30 : (LookMaNoPhantomParam a0)
      , field31 : (LookMaNoPhantomParam a0)
      , field32 : (LookMaNoPhantomParam a0)
      , field33 : (LookMaNoPhantomParam a0)
      , field34 : (LookMaNoPhantomParam a0)
      , field35 : (LookMaNoPhantomParam a0)
      , field36 : (LookMaNoPhantomParam a0)
      , field37 : (LookMaNoPhantomParam a0)
      , field38 : (LookMaNoPhantomParam a0)
      , field39 : (LookMaNoPhantomParam a0)
      , field40 : (LookMaNoPhantomParam a0)
      , field41 : (LookMaNoPhantomParam a0)
      , field42 : (LookMaNoPhantomParam a0)
      , field43 : (LookMaNoPhantomParam a0)
      , field44 : (LookMaNoPhantomParam a0)
      , field45 : (LookMaNoPhantomParam a0)
      , field46 : (LookMaNoPhantomParam a0)
      , field47 : (LookMaNoPhantomParam a0)
      , field48 : (LookMaNoPhantomParam a0)
      , field49 : (LookMaNoPhantomParam a0)
      , field50 : (LookMaNoPhantomParam a0)
      , field51 : (LookMaNoPhantomParam a0)
      , field52 : (LookMaNoPhantomParam a0)
      , field53 : (LookMaNoPhantomParam a0)
      , field54 : (LookMaNoPhantomParam a0)
      , field55 : (LookMaNoPhantomParam a0)
      , field56 : (LookMaNoPhantomParam a0)
      , field57 : (LookMaNoPhantomParam a0)
      , field58 : (LookMaNoPhantomParam a0)
      , field59 : (LookMaNoPhantomParam a0)
      , field60 : (LookMaNoPhantomParam a0)
      , field61 : (LookMaNoPhantomParam a0)
      , field62 : (LookMaNoPhantomParam a0)
      , field63 : (LookMaNoPhantomParam a0)
      , field64 : (LookMaNoPhantomParam a0)
      , field65 : (LookMaNoPhantomParam a0)
      , field66 : (LookMaNoPhantomParam a0)
      , field67 : (LookMaNoPhantomParam a0)
      , field68 : (LookMaNoPhantomParam a0)
      , field69 : (LookMaNoPhantomParam a0)
      , field70 : (LookMaNoPhantomParam a0)
      , field71 : (LookMaNoPhantomParam a0)
      , field72 : (LookMaNoPhantomParam a0)
      , field73 : (LookMaNoPhantomParam a0)
      , field74 : (LookMaNoPhantomParam a0)
      , field75 : (LookMaNoPhantomParam a0)
      , field76 : (LookMaNoPhantomParam a0)
      , field77 : (LookMaNoPhantomParam a0)
      , field78 : (LookMaNoPhantomParam a0)
      , field79 : (LookMaNoPhantomParam a0)
      , field80 : (LookMaNoPhantomParam a0)
      , field81 : (LookMaNoPhantomParam a0)
      , field82 : (LookMaNoPhantomParam a0)
      , field83 : (LookMaNoPhantomParam a0)
      , field84 : (LookMaNoPhantomParam a0)
      , field85 : (LookMaNoPhantomParam a0)
      , field86 : (LookMaNoPhantomParam a0)
      , field87 : (LookMaNoPhantomParam a0)
      , field88 : (LookMaNoPhantomParam a0)
      , field89 : (LookMaNoPhantomParam a0)
      , field90 : (LookMaNoPhantomParam a0)
      , field91 : (LookMaNoPhantomParam a0)
      , field92 : (LookMaNoPhantomParam a0)
      , field93 : (LookMaNoPhantomParam a0)
      , field94 : (LookMaNoPhantomParam a0)
      , field95 : (LookMaNoPhantomParam a0)
      , field96 : (LookMaNoPhantomParam a0)
      , field97 : (LookMaNoPhantomParam a0)
      , field98 : (LookMaNoPhantomParam a0)
      , field99 : (LookMaNoPhantomParam a0)
      }

type RecordWithMultipleConstructors 
  = FirstRecordConstructor
      { foo : Bool
      }
  | SecondRecordConstructor
      { bar : (Maybe.Maybe Int)
      }

type LookMaNoPhantomParam a0
  = NatPhantomParameter (List a0)

type HKTWithUnspecializedParams a0 a1
  = HKTWithUnspecializedParams (Codegen.Either.Either Int (Codegen.Either.Either Int (Codegen.Either.Either Int a0))) a1

type HKTWithSpecializedKindStarParams 
  = HKTWithSpecializedKindStarParams String (Maybe.Maybe Int)

type SimpleHKTMaybe 
  = SimpleHKT (Maybe.Maybe String)

type PolymorphicRecursiveType a0
  = SPRTNil
  | SPRTCons a0 (PolymorphicRecursiveType a0)

type MonomorphicRecursiveType 
  = SMRTNil
  | SMRTCons Int MonomorphicRecursiveType

type alias EmptyAlias =
  {}

type alias SimpleRecordAlias =
  { name : (PolymorphicRecursiveType SimpleType)
  , age : SimpleType
  }

type SimpleRecord 
  = SimpleRecord
      { name : (PolymorphicRecursiveType SimpleType)
      , age : SimpleType
      }

type SimpleType 
  = SimpleType Int

encodeLargeRecord : (e0 -> Value) -> (LargeRecord e0) -> Value
encodeLargeRecord e0 v =
  case v of
    LargeRecord r ->
      Json.Encode.object
        [ ("field0", (encodeNatPhantomParameter e0) r.field0)
        , ("field1", (encodeNatPhantomParameter e0) r.field1)
        , ("field2", (encodeNatPhantomParameter e0) r.field2)
        , ("field3", (encodeNatPhantomParameter e0) r.field3)
        , ("field4", (encodeNatPhantomParameter e0) r.field4)
        , ("field5", (encodeNatPhantomParameter e0) r.field5)
        , ("field6", (encodeNatPhantomParameter e0) r.field6)
        , ("field7", (encodeNatPhantomParameter e0) r.field7)
        , ("field8", (encodeNatPhantomParameter e0) r.field8)
        , ("field9", (encodeNatPhantomParameter e0) r.field9)
        , ("field10", (encodeNatPhantomParameter e0) r.field10)
        , ("field11", (encodeNatPhantomParameter e0) r.field11)
        , ("field12", (encodeNatPhantomParameter e0) r.field12)
        , ("field13", (encodeNatPhantomParameter e0) r.field13)
        , ("field14", (encodeNatPhantomParameter e0) r.field14)
        , ("field15", (encodeNatPhantomParameter e0) r.field15)
        , ("field16", (encodeNatPhantomParameter e0) r.field16)
        , ("field17", (encodeNatPhantomParameter e0) r.field17)
        , ("field18", (encodeNatPhantomParameter e0) r.field18)
        , ("field19", (encodeNatPhantomParameter e0) r.field19)
        , ("field20", (encodeNatPhantomParameter e0) r.field20)
        , ("field21", (encodeNatPhantomParameter e0) r.field21)
        , ("field22", (encodeNatPhantomParameter e0) r.field22)
        , ("field23", (encodeNatPhantomParameter e0) r.field23)
        , ("field24", (encodeNatPhantomParameter e0) r.field24)
        , ("field25", (encodeNatPhantomParameter e0) r.field25)
        , ("field26", (encodeNatPhantomParameter e0) r.field26)
        , ("field27", (encodeNatPhantomParameter e0) r.field27)
        , ("field28", (encodeNatPhantomParameter e0) r.field28)
        , ("field29", (encodeNatPhantomParameter e0) r.field29)
        , ("field30", (encodeNatPhantomParameter e0) r.field30)
        , ("field31", (encodeNatPhantomParameter e0) r.field31)
        , ("field32", (encodeNatPhantomParameter e0) r.field32)
        , ("field33", (encodeNatPhantomParameter e0) r.field33)
        , ("field34", (encodeNatPhantomParameter e0) r.field34)
        , ("field35", (encodeNatPhantomParameter e0) r.field35)
        , ("field36", (encodeNatPhantomParameter e0) r.field36)
        , ("field37", (encodeNatPhantomParameter e0) r.field37)
        , ("field38", (encodeNatPhantomParameter e0) r.field38)
        , ("field39", (encodeNatPhantomParameter e0) r.field39)
        , ("field40", (encodeNatPhantomParameter e0) r.field40)
        , ("field41", (encodeNatPhantomParameter e0) r.field41)
        , ("field42", (encodeNatPhantomParameter e0) r.field42)
        , ("field43", (encodeNatPhantomParameter e0) r.field43)
        , ("field44", (encodeNatPhantomParameter e0) r.field44)
        , ("field45", (encodeNatPhantomParameter e0) r.field45)
        , ("field46", (encodeNatPhantomParameter e0) r.field46)
        , ("field47", (encodeNatPhantomParameter e0) r.field47)
        , ("field48", (encodeNatPhantomParameter e0) r.field48)
        , ("field49", (encodeNatPhantomParameter e0) r.field49)
        , ("field50", (encodeNatPhantomParameter e0) r.field50)
        , ("field51", (encodeNatPhantomParameter e0) r.field51)
        , ("field52", (encodeNatPhantomParameter e0) r.field52)
        , ("field53", (encodeNatPhantomParameter e0) r.field53)
        , ("field54", (encodeNatPhantomParameter e0) r.field54)
        , ("field55", (encodeNatPhantomParameter e0) r.field55)
        , ("field56", (encodeNatPhantomParameter e0) r.field56)
        , ("field57", (encodeNatPhantomParameter e0) r.field57)
        , ("field58", (encodeNatPhantomParameter e0) r.field58)
        , ("field59", (encodeNatPhantomParameter e0) r.field59)
        , ("field60", (encodeNatPhantomParameter e0) r.field60)
        , ("field61", (encodeNatPhantomParameter e0) r.field61)
        , ("field62", (encodeNatPhantomParameter e0) r.field62)
        , ("field63", (encodeNatPhantomParameter e0) r.field63)
        , ("field64", (encodeNatPhantomParameter e0) r.field64)
        , ("field65", (encodeNatPhantomParameter e0) r.field65)
        , ("field66", (encodeNatPhantomParameter e0) r.field66)
        , ("field67", (encodeNatPhantomParameter e0) r.field67)
        , ("field68", (encodeNatPhantomParameter e0) r.field68)
        , ("field69", (encodeNatPhantomParameter e0) r.field69)
        , ("field70", (encodeNatPhantomParameter e0) r.field70)
        , ("field71", (encodeNatPhantomParameter e0) r.field71)
        , ("field72", (encodeNatPhantomParameter e0) r.field72)
        , ("field73", (encodeNatPhantomParameter e0) r.field73)
        , ("field74", (encodeNatPhantomParameter e0) r.field74)
        , ("field75", (encodeNatPhantomParameter e0) r.field75)
        , ("field76", (encodeNatPhantomParameter e0) r.field76)
        , ("field77", (encodeNatPhantomParameter e0) r.field77)
        , ("field78", (encodeNatPhantomParameter e0) r.field78)
        , ("field79", (encodeNatPhantomParameter e0) r.field79)
        , ("field80", (encodeNatPhantomParameter e0) r.field80)
        , ("field81", (encodeNatPhantomParameter e0) r.field81)
        , ("field82", (encodeNatPhantomParameter e0) r.field82)
        , ("field83", (encodeNatPhantomParameter e0) r.field83)
        , ("field84", (encodeNatPhantomParameter e0) r.field84)
        , ("field85", (encodeNatPhantomParameter e0) r.field85)
        , ("field86", (encodeNatPhantomParameter e0) r.field86)
        , ("field87", (encodeNatPhantomParameter e0) r.field87)
        , ("field88", (encodeNatPhantomParameter e0) r.field88)
        , ("field89", (encodeNatPhantomParameter e0) r.field89)
        , ("field90", (encodeNatPhantomParameter e0) r.field90)
        , ("field91", (encodeNatPhantomParameter e0) r.field91)
        , ("field92", (encodeNatPhantomParameter e0) r.field92)
        , ("field93", (encodeNatPhantomParameter e0) r.field93)
        , ("field94", (encodeNatPhantomParameter e0) r.field94)
        , ("field95", (encodeNatPhantomParameter e0) r.field95)
        , ("field96", (encodeNatPhantomParameter e0) r.field96)
        , ("field97", (encodeNatPhantomParameter e0) r.field97)
        , ("field98", (encodeNatPhantomParameter e0) r.field98)
        , ("field99", (encodeNatPhantomParameter e0) r.field99)
        ]

encodeRecordWithMultipleConstructors : RecordWithMultipleConstructors -> Value
encodeRecordWithMultipleConstructors v =
  case v of
    FirstRecordConstructor r -> Json.Encode.object
      [ ( "tag", Json.Encode.string "FirstRecordConstructor" )
      , ( "contents"
        , Json.Encode.object
          [ ("foo", (Json.Encode.bool) r.foo)
          ]
        )
      ]
    SecondRecordConstructor r -> Json.Encode.object
      [ ( "tag", Json.Encode.string "SecondRecordConstructor" )
      , ( "contents"
        , Json.Encode.object
          [ ("bar", (Json.Encode.Extra.maybe (Json.Encode.int)) r.bar)
          ]
        )
      ]

encodeNatPhantomParameter : (e0 -> Value) -> (LookMaNoPhantomParam e0) -> Value
encodeNatPhantomParameter e0 v =
  case v of
    NatPhantomParameter p0 ->
      (Json.Encode.list e0) p0

encodeHKTWithUnspecializedParams : (e0 -> Value) -> (e1 -> Value) -> (HKTWithUnspecializedParams e0 e1) -> Value
encodeHKTWithUnspecializedParams e0 e1 v =
  case v of
    HKTWithUnspecializedParams p0 p1 ->
      Json.Encode.list identity
        [ (Codegen.Either.encodeEither (Json.Encode.int) (Codegen.Either.encodeEither (Json.Encode.int) (Codegen.Either.encodeEither (Json.Encode.int) e0))) p0
        , e1 p1
        ]

encodeHKTWithSpecializedKindStarParams : HKTWithSpecializedKindStarParams -> Value
encodeHKTWithSpecializedKindStarParams v =
  case v of
    HKTWithSpecializedKindStarParams p0 p1 ->
      Json.Encode.list identity
        [ (Json.Encode.string) p0
        , (Json.Encode.Extra.maybe (Json.Encode.int)) p1
        ]

encodeSimpleHKT : SimpleHKTMaybe -> Value
encodeSimpleHKT v =
  case v of
    SimpleHKT p0 ->
      (Json.Encode.Extra.maybe (Json.Encode.string)) p0

encodePolymorphicRecursiveType : (e0 -> Value) -> (PolymorphicRecursiveType e0) -> Value
encodePolymorphicRecursiveType e0 v =
  case v of
    SPRTNil -> Json.Encode.object
      [ ( "tag", Json.Encode.string "SPRTNil" )]
    SPRTCons p0 p1 -> Json.Encode.object
      [ ( "tag", Json.Encode.string "SPRTCons" )
      , ( "contents"
        , Json.Encode.list identity
          [ e0 p0
          , (encodePolymorphicRecursiveType e0) p1
          ]
        )
      ]

encodeMonomorphicRecursiveType : MonomorphicRecursiveType -> Value
encodeMonomorphicRecursiveType v =
  case v of
    SMRTNil -> Json.Encode.object
      [ ( "tag", Json.Encode.string "SMRTNil" )]
    SMRTCons p0 p1 -> Json.Encode.object
      [ ( "tag", Json.Encode.string "SMRTCons" )
      , ( "contents"
        , Json.Encode.list identity
          [ (Json.Encode.int) p0
          , (encodeMonomorphicRecursiveType) p1
          ]
        )
      ]

encodeEmptyAlias : EmptyAlias -> Value
encodeEmptyAlias r =
  Json.Encode.list identity []

encodeSimpleRecordAlias : SimpleRecordAlias -> Value
encodeSimpleRecordAlias r =
  Json.Encode.object
    [ ("name", (encodePolymorphicRecursiveType (encodeSimpleType)) r.name)
    , ("age", (encodeSimpleType) r.age)
    ]

encodeSimpleRecord : SimpleRecord -> Value
encodeSimpleRecord v =
  case v of
    SimpleRecord r ->
      Json.Encode.object
        [ ("name", (encodePolymorphicRecursiveType (encodeSimpleType)) r.name)
        , ("age", (encodeSimpleType) r.age)
        ]

encodeSimpleType : SimpleType -> Value
encodeSimpleType v =
  case v of
    SimpleType p0 ->
      (Json.Encode.int) p0

decodeLargeRecord : Decoder a0 -> Decoder (LargeRecord a0)
decodeLargeRecord d0 =
  let mkFunction =
        \field0 field1 field2 field3 field4 field5 field6 field7 field8 field9 field10 field11 field12 field13 field14 field15 field16 field17 field18 field19 field20 field21 field22 field23 field24 field25 field26 field27 field28 field29 field30 field31 field32 field33 field34 field35 field36 field37 field38 field39 field40 field41 field42 field43 field44 field45 field46 field47 field48 field49 field50 field51 field52 field53 field54 field55 field56 field57 field58 field59 field60 field61 field62 field63 field64 field65 field66 field67 field68 field69 field70 field71 field72 field73 field74 field75 field76 field77 field78 field79 field80 field81 field82 field83 field84 field85 field86 field87 field88 field89 field90 field91 field92 field93 field94 field95 field96 field97 field98 field99 ->
          { field0 = field0
          , field1 = field1
          , field2 = field2
          , field3 = field3
          , field4 = field4
          , field5 = field5
          , field6 = field6
          , field7 = field7
          , field8 = field8
          , field9 = field9
          , field10 = field10
          , field11 = field11
          , field12 = field12
          , field13 = field13
          , field14 = field14
          , field15 = field15
          , field16 = field16
          , field17 = field17
          , field18 = field18
          , field19 = field19
          , field20 = field20
          , field21 = field21
          , field22 = field22
          , field23 = field23
          , field24 = field24
          , field25 = field25
          , field26 = field26
          , field27 = field27
          , field28 = field28
          , field29 = field29
          , field30 = field30
          , field31 = field31
          , field32 = field32
          , field33 = field33
          , field34 = field34
          , field35 = field35
          , field36 = field36
          , field37 = field37
          , field38 = field38
          , field39 = field39
          , field40 = field40
          , field41 = field41
          , field42 = field42
          , field43 = field43
          , field44 = field44
          , field45 = field45
          , field46 = field46
          , field47 = field47
          , field48 = field48
          , field49 = field49
          , field50 = field50
          , field51 = field51
          , field52 = field52
          , field53 = field53
          , field54 = field54
          , field55 = field55
          , field56 = field56
          , field57 = field57
          , field58 = field58
          , field59 = field59
          , field60 = field60
          , field61 = field61
          , field62 = field62
          , field63 = field63
          , field64 = field64
          , field65 = field65
          , field66 = field66
          , field67 = field67
          , field68 = field68
          , field69 = field69
          , field70 = field70
          , field71 = field71
          , field72 = field72
          , field73 = field73
          , field74 = field74
          , field75 = field75
          , field76 = field76
          , field77 = field77
          , field78 = field78
          , field79 = field79
          , field80 = field80
          , field81 = field81
          , field82 = field82
          , field83 = field83
          , field84 = field84
          , field85 = field85
          , field86 = field86
          , field87 = field87
          , field88 = field88
          , field89 = field89
          , field90 = field90
          , field91 = field91
          , field92 = field92
          , field93 = field93
          , field94 = field94
          , field95 = field95
          , field96 = field96
          , field97 = field97
          , field98 = field98
          , field99 = field99
          }
      contentDecoder =
        Json.Decode.succeed mkFunction
          |> andMap (Json.Decode.field "field0" (decodeNatPhantomParameter d0))
          |> andMap (Json.Decode.field "field1" (decodeNatPhantomParameter d0))
          |> andMap (Json.Decode.field "field2" (decodeNatPhantomParameter d0))
          |> andMap (Json.Decode.field "field3" (decodeNatPhantomParameter d0))
          |> andMap (Json.Decode.field "field4" (decodeNatPhantomParameter d0))
          |> andMap (Json.Decode.field "field5" (decodeNatPhantomParameter d0))
          |> andMap (Json.Decode.field "field6" (decodeNatPhantomParameter d0))
          |> andMap (Json.Decode.field "field7" (decodeNatPhantomParameter d0))
          |> andMap (Json.Decode.field "field8" (decodeNatPhantomParameter d0))
          |> andMap (Json.Decode.field "field9" (decodeNatPhantomParameter d0))
          |> andMap (Json.Decode.field "field10" (decodeNatPhantomParameter d0))
          |> andMap (Json.Decode.field "field11" (decodeNatPhantomParameter d0))
          |> andMap (Json.Decode.field "field12" (decodeNatPhantomParameter d0))
          |> andMap (Json.Decode.field "field13" (decodeNatPhantomParameter d0))
          |> andMap (Json.Decode.field "field14" (decodeNatPhantomParameter d0))
          |> andMap (Json.Decode.field "field15" (decodeNatPhantomParameter d0))
          |> andMap (Json.Decode.field "field16" (decodeNatPhantomParameter d0))
          |> andMap (Json.Decode.field "field17" (decodeNatPhantomParameter d0))
          |> andMap (Json.Decode.field "field18" (decodeNatPhantomParameter d0))
          |> andMap (Json.Decode.field "field19" (decodeNatPhantomParameter d0))
          |> andMap (Json.Decode.field "field20" (decodeNatPhantomParameter d0))
          |> andMap (Json.Decode.field "field21" (decodeNatPhantomParameter d0))
          |> andMap (Json.Decode.field "field22" (decodeNatPhantomParameter d0))
          |> andMap (Json.Decode.field "field23" (decodeNatPhantomParameter d0))
          |> andMap (Json.Decode.field "field24" (decodeNatPhantomParameter d0))
          |> andMap (Json.Decode.field "field25" (decodeNatPhantomParameter d0))
          |> andMap (Json.Decode.field "field26" (decodeNatPhantomParameter d0))
          |> andMap (Json.Decode.field "field27" (decodeNatPhantomParameter d0))
          |> andMap (Json.Decode.field "field28" (decodeNatPhantomParameter d0))
          |> andMap (Json.Decode.field "field29" (decodeNatPhantomParameter d0))
          |> andMap (Json.Decode.field "field30" (decodeNatPhantomParameter d0))
          |> andMap (Json.Decode.field "field31" (decodeNatPhantomParameter d0))
          |> andMap (Json.Decode.field "field32" (decodeNatPhantomParameter d0))
          |> andMap (Json.Decode.field "field33" (decodeNatPhantomParameter d0))
          |> andMap (Json.Decode.field "field34" (decodeNatPhantomParameter d0))
          |> andMap (Json.Decode.field "field35" (decodeNatPhantomParameter d0))
          |> andMap (Json.Decode.field "field36" (decodeNatPhantomParameter d0))
          |> andMap (Json.Decode.field "field37" (decodeNatPhantomParameter d0))
          |> andMap (Json.Decode.field "field38" (decodeNatPhantomParameter d0))
          |> andMap (Json.Decode.field "field39" (decodeNatPhantomParameter d0))
          |> andMap (Json.Decode.field "field40" (decodeNatPhantomParameter d0))
          |> andMap (Json.Decode.field "field41" (decodeNatPhantomParameter d0))
          |> andMap (Json.Decode.field "field42" (decodeNatPhantomParameter d0))
          |> andMap (Json.Decode.field "field43" (decodeNatPhantomParameter d0))
          |> andMap (Json.Decode.field "field44" (decodeNatPhantomParameter d0))
          |> andMap (Json.Decode.field "field45" (decodeNatPhantomParameter d0))
          |> andMap (Json.Decode.field "field46" (decodeNatPhantomParameter d0))
          |> andMap (Json.Decode.field "field47" (decodeNatPhantomParameter d0))
          |> andMap (Json.Decode.field "field48" (decodeNatPhantomParameter d0))
          |> andMap (Json.Decode.field "field49" (decodeNatPhantomParameter d0))
          |> andMap (Json.Decode.field "field50" (decodeNatPhantomParameter d0))
          |> andMap (Json.Decode.field "field51" (decodeNatPhantomParameter d0))
          |> andMap (Json.Decode.field "field52" (decodeNatPhantomParameter d0))
          |> andMap (Json.Decode.field "field53" (decodeNatPhantomParameter d0))
          |> andMap (Json.Decode.field "field54" (decodeNatPhantomParameter d0))
          |> andMap (Json.Decode.field "field55" (decodeNatPhantomParameter d0))
          |> andMap (Json.Decode.field "field56" (decodeNatPhantomParameter d0))
          |> andMap (Json.Decode.field "field57" (decodeNatPhantomParameter d0))
          |> andMap (Json.Decode.field "field58" (decodeNatPhantomParameter d0))
          |> andMap (Json.Decode.field "field59" (decodeNatPhantomParameter d0))
          |> andMap (Json.Decode.field "field60" (decodeNatPhantomParameter d0))
          |> andMap (Json.Decode.field "field61" (decodeNatPhantomParameter d0))
          |> andMap (Json.Decode.field "field62" (decodeNatPhantomParameter d0))
          |> andMap (Json.Decode.field "field63" (decodeNatPhantomParameter d0))
          |> andMap (Json.Decode.field "field64" (decodeNatPhantomParameter d0))
          |> andMap (Json.Decode.field "field65" (decodeNatPhantomParameter d0))
          |> andMap (Json.Decode.field "field66" (decodeNatPhantomParameter d0))
          |> andMap (Json.Decode.field "field67" (decodeNatPhantomParameter d0))
          |> andMap (Json.Decode.field "field68" (decodeNatPhantomParameter d0))
          |> andMap (Json.Decode.field "field69" (decodeNatPhantomParameter d0))
          |> andMap (Json.Decode.field "field70" (decodeNatPhantomParameter d0))
          |> andMap (Json.Decode.field "field71" (decodeNatPhantomParameter d0))
          |> andMap (Json.Decode.field "field72" (decodeNatPhantomParameter d0))
          |> andMap (Json.Decode.field "field73" (decodeNatPhantomParameter d0))
          |> andMap (Json.Decode.field "field74" (decodeNatPhantomParameter d0))
          |> andMap (Json.Decode.field "field75" (decodeNatPhantomParameter d0))
          |> andMap (Json.Decode.field "field76" (decodeNatPhantomParameter d0))
          |> andMap (Json.Decode.field "field77" (decodeNatPhantomParameter d0))
          |> andMap (Json.Decode.field "field78" (decodeNatPhantomParameter d0))
          |> andMap (Json.Decode.field "field79" (decodeNatPhantomParameter d0))
          |> andMap (Json.Decode.field "field80" (decodeNatPhantomParameter d0))
          |> andMap (Json.Decode.field "field81" (decodeNatPhantomParameter d0))
          |> andMap (Json.Decode.field "field82" (decodeNatPhantomParameter d0))
          |> andMap (Json.Decode.field "field83" (decodeNatPhantomParameter d0))
          |> andMap (Json.Decode.field "field84" (decodeNatPhantomParameter d0))
          |> andMap (Json.Decode.field "field85" (decodeNatPhantomParameter d0))
          |> andMap (Json.Decode.field "field86" (decodeNatPhantomParameter d0))
          |> andMap (Json.Decode.field "field87" (decodeNatPhantomParameter d0))
          |> andMap (Json.Decode.field "field88" (decodeNatPhantomParameter d0))
          |> andMap (Json.Decode.field "field89" (decodeNatPhantomParameter d0))
          |> andMap (Json.Decode.field "field90" (decodeNatPhantomParameter d0))
          |> andMap (Json.Decode.field "field91" (decodeNatPhantomParameter d0))
          |> andMap (Json.Decode.field "field92" (decodeNatPhantomParameter d0))
          |> andMap (Json.Decode.field "field93" (decodeNatPhantomParameter d0))
          |> andMap (Json.Decode.field "field94" (decodeNatPhantomParameter d0))
          |> andMap (Json.Decode.field "field95" (decodeNatPhantomParameter d0))
          |> andMap (Json.Decode.field "field96" (decodeNatPhantomParameter d0))
          |> andMap (Json.Decode.field "field97" (decodeNatPhantomParameter d0))
          |> andMap (Json.Decode.field "field98" (decodeNatPhantomParameter d0))
          |> andMap (Json.Decode.field "field99" (decodeNatPhantomParameter d0))
  in Json.Decode.field "contents" (Json.Decode.map LargeRecord contentDecoder)

decodeRecordWithMultipleConstructors : Decoder RecordWithMultipleConstructors
decodeRecordWithMultipleConstructors  =
  let
    decide : String -> Decoder RecordWithMultipleConstructors
    decide tag =
      case tag of
        "FirstRecordConstructor" ->
          let mkFunction =
                \foo ->
                  { foo = foo
                  }
              contentDecoder =
                Json.Decode.succeed mkFunction
                  |> andMap (Json.Decode.field "foo" Json.Decode.bool)
          in Json.Decode.field "contents" (Json.Decode.map FirstRecordConstructor contentDecoder)
        "SecondRecordConstructor" ->
          let mkFunction =
                \bar ->
                  { bar = bar
                  }
              contentDecoder =
                Json.Decode.succeed mkFunction
                  |> andMap (Json.Decode.field "bar" (Json.Decode.nullable Json.Decode.int))
          in Json.Decode.field "contents" (Json.Decode.map SecondRecordConstructor contentDecoder)
        other ->
          Json.Decode.fail <| "RecordWithMultipleConstructors doesn't have constructor: " ++ other
  in
  Json.Decode.field "tag" Json.Decode.string
   |> Json.Decode.andThen decide

decodeNatPhantomParameter : Decoder a0 -> Decoder (LookMaNoPhantomParam a0)
decodeNatPhantomParameter d0 =
  Json.Decode.field "contents" <| Json.Decode.map NatPhantomParameter (Json.Decode.list d0)

decodeHKTWithUnspecializedParams : Decoder a0 -> Decoder a1 -> Decoder (HKTWithUnspecializedParams a0 a1)
decodeHKTWithUnspecializedParams d0 d1 =
  let contentDecoder =
        Json.Decode.succeed HKTWithUnspecializedParams
          |> andMap (Json.Decode.index 0 (Codegen.Either.decodeEither Json.Decode.int (Codegen.Either.decodeEither Json.Decode.int (Codegen.Either.decodeEither Json.Decode.int d0))))
          |> andMap (Json.Decode.index 1 d1)
  in
  Json.Decode.field "contents" contentDecoder

decodeHKTWithSpecializedKindStarParams : Decoder HKTWithSpecializedKindStarParams
decodeHKTWithSpecializedKindStarParams  =
  let contentDecoder =
        Json.Decode.succeed HKTWithSpecializedKindStarParams
          |> andMap (Json.Decode.index 0 Json.Decode.string)
          |> andMap (Json.Decode.index 1 (Json.Decode.nullable Json.Decode.int))
  in
  Json.Decode.field "contents" contentDecoder

decodeSimpleHKT : Decoder SimpleHKTMaybe
decodeSimpleHKT  =
  Json.Decode.field "contents" <| Json.Decode.map SimpleHKT (Json.Decode.nullable Json.Decode.string)

decodePolymorphicRecursiveType : Decoder a0 -> Decoder (PolymorphicRecursiveType a0)
decodePolymorphicRecursiveType d0 =
  let
    decide : String -> Decoder (PolymorphicRecursiveType a0)
    decide tag =
      case tag of
        "SPRTNil" ->
          Json.Decode.succeed SPRTNil
        "SPRTCons" ->
          let contentDecoder =
                Json.Decode.succeed SPRTCons
                  |> andMap (Json.Decode.index 0 d0)
                  |> andMap (Json.Decode.index 1 (Json.Decode.lazy (\_ -> decodePolymorphicRecursiveType d0)))
          in
          Json.Decode.field "contents" contentDecoder
        other ->
          Json.Decode.fail <| "(PolymorphicRecursiveType a0) doesn't have constructor: " ++ other
  in
  Json.Decode.field "tag" Json.Decode.string
   |> Json.Decode.andThen decide

decodeMonomorphicRecursiveType : Decoder MonomorphicRecursiveType
decodeMonomorphicRecursiveType  =
  let
    decide : String -> Decoder MonomorphicRecursiveType
    decide tag =
      case tag of
        "SMRTNil" ->
          Json.Decode.succeed SMRTNil
        "SMRTCons" ->
          let contentDecoder =
                Json.Decode.succeed SMRTCons
                  |> andMap (Json.Decode.index 0 Json.Decode.int)
                  |> andMap (Json.Decode.index 1 (Json.Decode.lazy (\_ -> decodeMonomorphicRecursiveType )))
          in
          Json.Decode.field "contents" contentDecoder
        other ->
          Json.Decode.fail <| "MonomorphicRecursiveType doesn't have constructor: " ++ other
  in
  Json.Decode.field "tag" Json.Decode.string
   |> Json.Decode.andThen decide

decodeEmptyAlias : Decoder EmptyAlias
decodeEmptyAlias  =
  Json.Decode.succeed {}

decodeSimpleRecordAlias : Decoder SimpleRecordAlias
decodeSimpleRecordAlias  =
  let mkFunction =
        \name age ->
          { name = name
          , age = age
          }
      contentDecoder =
        Json.Decode.succeed mkFunction
          |> andMap (Json.Decode.field "name" (decodePolymorphicRecursiveType decodeSimpleType))
          |> andMap (Json.Decode.field "age" decodeSimpleType)
  in contentDecoder

decodeSimpleRecord : Decoder SimpleRecord
decodeSimpleRecord  =
  let mkFunction =
        \name age ->
          { name = name
          , age = age
          }
      contentDecoder =
        Json.Decode.succeed mkFunction
          |> andMap (Json.Decode.field "name" (decodePolymorphicRecursiveType decodeSimpleType))
          |> andMap (Json.Decode.field "age" decodeSimpleType)
  in Json.Decode.field "contents" (Json.Decode.map SimpleRecord contentDecoder)

decodeSimpleType : Decoder SimpleType
decodeSimpleType  =
  Json.Decode.field "contents" <| Json.Decode.map SimpleType Json.Decode.int
################################################################################

################################################################################
Codegen.Submission: 
################################################################################
module Codegen.Submission exposing (..)

import Json.Decode
import Json.Encode
import Json.Encode.Extra
import Maybe
import Json.Encode
import Json.Encode exposing (Value)
import Json.Decode
import Json.Decode exposing (Decoder)
import Json.Decode.Extra exposing (andMap)


type Form 
  = Form
      { userName : String
      , upload : (Maybe.Maybe FileUpload)
      }

type FileUpload 
  = FileUpload
      { fileName : String
      }

encodeForm : Form -> Value
encodeForm v =
  case v of
    Form r ->
      Json.Encode.object
        [ ("userName", (Json.Encode.string) r.userName)
        , ("upload", (Json.Encode.Extra.maybe (encodeFileUpload)) r.upload)
        ]

encodeFileUpload : FileUpload -> Value
encodeFileUpload v =
  case v of
    FileUpload r ->
      Json.Encode.object
        [ ("fileName", (Json.Encode.string) r.fileName)
        ]

decodeForm : Decoder Form
decodeForm  =
  let mkFunction =
        \userName upload ->
          { userName = userName
          , upload = upload
          }
      contentDecoder =
        Json.Decode.succeed mkFunction
          |> andMap (Json.Decode.field "userName" Json.Decode.string)
          |> andMap (Json.Decode.field "upload" (Json.Decode.nullable decodeFileUpload))
  in Json.Decode.field "contents" (Json.Decode.map Form contentDecoder)

decodeFileUpload : Decoder FileUpload
decodeFileUpload  =
  let mkFunction =
        \fileName ->
          { fileName = fileName
          }
      contentDecoder =
        Json.Decode.succeed mkFunction
          |> andMap (Json.Decode.field "fileName" Json.Decode.string)
  in Json.Decode.field "contents" (Json.Decode.map FileUpload contentDecoder)
################################################################################

