GenerationSpec
  { mapping =
      ElmMapping
        { typeName = "MonomorphicRecursiveType"
        , moduleName = Just "Codegen.SampleTypes"
        , encoderLocation =
            Just
              SymbolLocation
                { symbolName = "encodeMonomorphicRecursiveType"
                , symbolModuleName = "Codegen.SampleTypes"
                }
        , decoderLocation =
            Just
              SymbolLocation
                { symbolName = "decodeMonomorphicRecursiveType"
                , symbolModuleName = "Codegen.SampleTypes"
                }
        , args = []
        , isTypeAlias = False
        , urlPiece = Nothing
        , queryParam = Nothing
        }
  , nParams = 0
  , constructors =
      [ Constructor
          { constructorName = "SMRTNil" , constructorFields = [] }
      , Constructor
          { constructorName = "SMRTCons"
          , constructorFields =
              [ ( Nothing
                , TyRef
                    { tyCon =
                        TyMapping
                          ElmMapping
                            { typeName = "Int"
                            , moduleName = Nothing
                            , encoderLocation =
                                Just
                                  SymbolLocation
                                    { symbolName = "int" , symbolModuleName = "Json.Encode" }
                            , decoderLocation =
                                Just
                                  SymbolLocation
                                    { symbolName = "int" , symbolModuleName = "Json.Decode" }
                            , args = []
                            , isTypeAlias = False
                            , urlPiece = Nothing
                            , queryParam = Nothing
                            }
                    , tyArgs = []
                    }
                )
              , ( Nothing
                , TyRef
                    { tyCon =
                        TyMapping
                          ElmMapping
                            { typeName = "MonomorphicRecursiveType"
                            , moduleName = Just "Codegen.SampleTypes"
                            , encoderLocation =
                                Just
                                  SymbolLocation
                                    { symbolName = "encodeMonomorphicRecursiveType"
                                    , symbolModuleName = "Codegen.SampleTypes"
                                    }
                            , decoderLocation =
                                Just
                                  SymbolLocation
                                    { symbolName = "decodeMonomorphicRecursiveType"
                                    , symbolModuleName = "Codegen.SampleTypes"
                                    }
                            , args = []
                            , isTypeAlias = False
                            , urlPiece = Nothing
                            , queryParam = Nothing
                            }
                    , tyArgs = []
                    }
                )
              ]
          }
      ]
  }